// Jest Snapshot v1, https://goo.gl/fbAQLP

exports[`Cart Component should match snapshot 1`] = `
<div>
  <h3>
    Odincart contains:
  </h3>
  <div
    className="cart"
  >
    <div
      className="cart-item"
    >
      <div
        className="cart-item-total-price"
      >
        $
        1785
      </div>
      <div
        className="cart-item-title"
      >
        Odinfeathers
      </div>
      <div
        className="cart-item-each-price"
      >
        $
        595
         each
      </div>
      <div
        className="cart-item-quantity"
      >
        <label
          htmlFor="quantity"
        >
          Qty:
          <select
            data-index={0}
            id="quantity"
            name="quantity"
            onChange={[MockFunction]}
            value={3}
          >
            <option
              value="1"
            >
              1
            </option>
            <option
              value="2"
            >
              2
            </option>
            <option
              value="3"
            >
              3
            </option>
            <option
              value="4"
            >
              4
            </option>
            <option
              value="5"
            >
              5
            </option>
            <option
              value="6"
            >
              6
            </option>
          </select>
        </label>
      </div>
      <button
        onClick={[Function]}
        type="button"
      >
        Remove from cart
      </button>
    </div>
    <div
      className="cart-total"
    >
      Total: $
      1785
      <button
        type="button"
      >
        Checkout
      </button>
    </div>
  </div>
</div>
`;
