// Jest Snapshot v1, https://goo.gl/fbAQLP

exports[`Home Component should match snapshot 1`] = `
<div>
  <h2>
    Welcome to Odincart.
  </h2>
  <p
    className="lead"
  >
    Where you can't buy anything, but you can pretend.
  </p>
</div>
`;
